ceci un fichier créé via web
